Archive member included to satisfy reference by file (symbol)

/home/alex/Ac6/SystemWorkbench/plugins/fr.ac6.mcu.externaltools.arm-none.linux64_1.15.0.201708311556/tools/compiler/bin/../lib/gcc/arm-none-eabi/6.3.1/thumb/v7e-m/fpv4-sp/hard/libgcc.a(_aeabi_uldivmod.o)
                              Drivers/STM32F4xx_HAL_Driver/Src/stm32f4xx_hal_rcc.o (__aeabi_uldivmod)
/home/alex/Ac6/SystemWorkbench/plugins/fr.ac6.mcu.externaltools.arm-none.linux64_1.15.0.201708311556/tools/compiler/bin/../lib/gcc/arm-none-eabi/6.3.1/thumb/v7e-m/fpv4-sp/hard/libgcc.a(_udivmoddi4.o)
                              /home/alex/Ac6/SystemWorkbench/plugins/fr.ac6.mcu.externaltools.arm-none.linux64_1.15.0.201708311556/tools/compiler/bin/../lib/gcc/arm-none-eabi/6.3.1/thumb/v7e-m/fpv4-sp/hard/libgcc.a(_aeabi_uldivmod.o) (__udivmoddi4)
/home/alex/Ac6/SystemWorkbench/plugins/fr.ac6.mcu.externaltools.arm-none.linux64_1.15.0.201708311556/tools/compiler/bin/../lib/gcc/arm-none-eabi/6.3.1/thumb/v7e-m/fpv4-sp/hard/libgcc.a(_dvmd_tls.o)
                              /home/alex/Ac6/SystemWorkbench/plugins/fr.ac6.mcu.externaltools.arm-none.linux64_1.15.0.201708311556/tools/compiler/bin/../lib/gcc/arm-none-eabi/6.3.1/thumb/v7e-m/fpv4-sp/hard/libgcc.a(_aeabi_uldivmod.o) (__aeabi_ldiv0)
/home/alex/Ac6/SystemWorkbench/plugins/fr.ac6.mcu.externaltools.arm-none.linux64_1.15.0.201708311556/tools/compiler/bin/../lib/gcc/arm-none-eabi/6.3.1/../../../../arm-none-eabi/lib/thumb/v7e-m/fpv4-sp/hard/libc_nano.a(lib_a-exit.o)
                              /home/alex/Ac6/SystemWorkbench/plugins/fr.ac6.mcu.externaltools.arm-none.linux64_1.15.0.201708311556/tools/compiler/bin/../lib/gcc/arm-none-eabi/6.3.1/../../../../arm-none-eabi/lib/thumb/v7e-m/fpv4-sp/hard/crt0.o (exit)
/home/alex/Ac6/SystemWorkbench/plugins/fr.ac6.mcu.externaltools.arm-none.linux64_1.15.0.201708311556/tools/compiler/bin/../lib/gcc/arm-none-eabi/6.3.1/../../../../arm-none-eabi/lib/thumb/v7e-m/fpv4-sp/hard/libc_nano.a(lib_a-impure.o)
                              /home/alex/Ac6/SystemWorkbench/plugins/fr.ac6.mcu.externaltools.arm-none.linux64_1.15.0.201708311556/tools/compiler/bin/../lib/gcc/arm-none-eabi/6.3.1/../../../../arm-none-eabi/lib/thumb/v7e-m/fpv4-sp/hard/libc_nano.a(lib_a-exit.o) (_global_impure_ptr)
/home/alex/Ac6/SystemWorkbench/plugins/fr.ac6.mcu.externaltools.arm-none.linux64_1.15.0.201708311556/tools/compiler/bin/../lib/gcc/arm-none-eabi/6.3.1/../../../../arm-none-eabi/lib/thumb/v7e-m/fpv4-sp/hard/libc_nano.a(lib_a-init.o)
                              /home/alex/Ac6/SystemWorkbench/plugins/fr.ac6.mcu.externaltools.arm-none.linux64_1.15.0.201708311556/tools/compiler/bin/../lib/gcc/arm-none-eabi/6.3.1/../../../../arm-none-eabi/lib/thumb/v7e-m/fpv4-sp/hard/crt0.o (__libc_init_array)
/home/alex/Ac6/SystemWorkbench/plugins/fr.ac6.mcu.externaltools.arm-none.linux64_1.15.0.201708311556/tools/compiler/bin/../lib/gcc/arm-none-eabi/6.3.1/../../../../arm-none-eabi/lib/thumb/v7e-m/fpv4-sp/hard/libc_nano.a(lib_a-memcpy-stub.o)
                              Middlewares/Third_Party/FreeRTOS/Source/queue.o (memcpy)
/home/alex/Ac6/SystemWorkbench/plugins/fr.ac6.mcu.externaltools.arm-none.linux64_1.15.0.201708311556/tools/compiler/bin/../lib/gcc/arm-none-eabi/6.3.1/../../../../arm-none-eabi/lib/thumb/v7e-m/fpv4-sp/hard/libc_nano.a(lib_a-memset.o)
                              /home/alex/Ac6/SystemWorkbench/plugins/fr.ac6.mcu.externaltools.arm-none.linux64_1.15.0.201708311556/tools/compiler/bin/../lib/gcc/arm-none-eabi/6.3.1/../../../../arm-none-eabi/lib/thumb/v7e-m/fpv4-sp/hard/crt0.o (memset)
/home/alex/Ac6/SystemWorkbench/plugins/fr.ac6.mcu.externaltools.arm-none.linux64_1.15.0.201708311556/tools/compiler/bin/../lib/gcc/arm-none-eabi/6.3.1/../../../../arm-none-eabi/lib/thumb/v7e-m/fpv4-sp/hard/libnosys.a(_exit.o)
                              /home/alex/Ac6/SystemWorkbench/plugins/fr.ac6.mcu.externaltools.arm-none.linux64_1.15.0.201708311556/tools/compiler/bin/../lib/gcc/arm-none-eabi/6.3.1/../../../../arm-none-eabi/lib/thumb/v7e-m/fpv4-sp/hard/libc_nano.a(lib_a-exit.o) (_exit)

Allocating common symbols
Common symbol       size              file

xqueue34            0x4               Src/main.o
defaultTaskHandle   0x4               Src/main.o
xCreatedTask3       0x4               Src/main.o
uwTick              0x4               Drivers/STM32F4xx_HAL_Driver/Src/stm32f4xx_hal.o
xQueueRegistry      0x40              Middlewares/Third_Party/FreeRTOS/Source/queue.o
pFlash              0x20              Drivers/STM32F4xx_HAL_Driver/Src/stm32f4xx_hal_flash.o
xqueue              0x4               Src/main.o
data_type           0x8               Src/main.o
xCreatedTask4       0x4               Src/main.o

Discarded input sections

 .text          0x0000000000000000        0x0 /home/alex/Ac6/SystemWorkbench/plugins/fr.ac6.mcu.externaltools.arm-none.linux64_1.15.0.201708311556/tools/compiler/bin/../lib/gcc/arm-none-eabi/6.3.1/thumb/v7e-m/fpv4-sp/hard/crti.o
[...]
Memory Configuration

Name             Origin             Length             Attributes
RAM              0x0000000020000000 0x0000000000030000 xrw
CCMRAM           0x0000000010000000 0x0000000000010000 rw
FLASH            0x0000000008000000 0x0000000000100000 xr
*default*        0x0000000000000000 0xffffffffffffffff

Linker script and memory map

LOAD /home/alex/Ac6/SystemWorkbench/plugins/fr.ac6.mcu.externaltools.arm-none.linux64_1.15.0.201708311556/tools/compiler/bin/../lib/gcc/arm-none-eabi/6.3.1/thumb/v7e-m/fpv4-sp/hard/crti.o
LOAD /home/alex/Ac6/SystemWorkbench/plugins/fr.ac6.mcu.externaltools.arm-none.linux64_1.15.0.201708311556/tools/compiler/bin/../lib/gcc/arm-none-eabi/6.3.1/thumb/v7e-m/fpv4-sp/hard/crtbegin.o
LOAD /home/alex/Ac6/SystemWorkbench/plugins/fr.ac6.mcu.externaltools.arm-none.linux64_1.15.0.201708311556/tools/compiler/bin/../lib/gcc/arm-none-eabi/6.3.1/../../../../arm-none-eabi/lib/thumb/v7e-m/fpv4-sp/hard/crt0.o
LOAD Drivers/STM32F4xx_HAL_Driver/Src/stm32f4xx_hal.o
LOAD Drivers/STM32F4xx_HAL_Driver/Src/stm32f4xx_hal_cortex.o
LOAD Drivers/STM32F4xx_HAL_Driver/Src/stm32f4xx_hal_dma.o
LOAD Drivers/STM32F4xx_HAL_Driver/Src/stm32f4xx_hal_dma_ex.o
LOAD Drivers/STM32F4xx_HAL_Driver/Src/stm32f4xx_hal_flash.o
LOAD Drivers/STM32F4xx_HAL_Driver/Src/stm32f4xx_hal_flash_ex.o
LOAD Drivers/STM32F4xx_HAL_Driver/Src/stm32f4xx_hal_flash_ramfunc.o
LOAD Drivers/STM32F4xx_HAL_Driver/Src/stm32f4xx_hal_gpio.o
LOAD Drivers/STM32F4xx_HAL_Driver/Src/stm32f4xx_hal_pwr.o
LOAD Drivers/STM32F4xx_HAL_Driver/Src/stm32f4xx_hal_pwr_ex.o
LOAD Drivers/STM32F4xx_HAL_Driver/Src/stm32f4xx_hal_rcc.o
LOAD Drivers/STM32F4xx_HAL_Driver/Src/stm32f4xx_hal_rcc_ex.o
LOAD Drivers/STM32F4xx_HAL_Driver/Src/stm32f4xx_hal_tim.o
LOAD Drivers/STM32F4xx_HAL_Driver/Src/stm32f4xx_hal_tim_ex.o
LOAD Middlewares/Third_Party/FreeRTOS/Source/CMSIS_RTOS/cmsis_os.o
LOAD Middlewares/Third_Party/FreeRTOS/Source/croutine.o
LOAD Middlewares/Third_Party/FreeRTOS/Source/event_groups.o
LOAD Middlewares/Third_Party/FreeRTOS/Source/list.o
LOAD Middlewares/Third_Party/FreeRTOS/Source/queue.o
LOAD Middlewares/Third_Party/FreeRTOS/Source/tasks.o
LOAD Middlewares/Third_Party/FreeRTOS/Source/timers.o
LOAD Middlewares/Third_Party/FreeRTOS/Source/portable/GCC/ARM_CM4F/port.o
LOAD Middlewares/Third_Party/FreeRTOS/Source/portable/MemMang/heap_4.o
LOAD Src/freertos.o
LOAD Src/main.o
LOAD Src/stm32f4xx_hal_msp.o
LOAD Src/stm32f4xx_it.o
LOAD Src/system_stm32f4xx.o
LOAD startup/startup_stm32f429xx.o
LOAD /home/alex/Ac6/SystemWorkbench/plugins/fr.ac6.mcu.externaltools.arm-none.linux64_1.15.0.201708311556/tools/compiler/bin/../lib/gcc/arm-none-eabi/6.3.1/../../../../arm-none-eabi/lib/thumb/v7e-m/fpv4-sp/hard/libm.a
START GROUP
LOAD /home/alex/Ac6/SystemWorkbench/plugins/fr.ac6.mcu.externaltools.arm-none.linux64_1.15.0.201708311556/tools/compiler/bin/../lib/gcc/arm-none-eabi/6.3.1/thumb/v7e-m/fpv4-sp/hard/libgcc.a
LOAD /home/alex/Ac6/SystemWorkbench/plugins/fr.ac6.mcu.externaltools.arm-none.linux64_1.15.0.201708311556/tools/compiler/bin/../lib/gcc/arm-none-eabi/6.3.1/../../../../arm-none-eabi/lib/thumb/v7e-m/fpv4-sp/hard/libc_nano.a
END GROUP
START GROUP
LOAD /home/alex/Ac6/SystemWorkbench/plugins/fr.ac6.mcu.externaltools.arm-none.linux64_1.15.0.201708311556/tools/compiler/bin/../lib/gcc/arm-none-eabi/6.3.1/thumb/v7e-m/fpv4-sp/hard/libgcc.a
LOAD /home/alex/Ac6/SystemWorkbench/plugins/fr.ac6.mcu.externaltools.arm-none.linux64_1.15.0.201708311556/tools/compiler/bin/../lib/gcc/arm-none-eabi/6.3.1/../../../../arm-none-eabi/lib/thumb/v7e-m/fpv4-sp/hard/libc_nano.a
LOAD /home/alex/Ac6/SystemWorkbench/plugins/fr.ac6.mcu.externaltools.arm-none.linux64_1.15.0.201708311556/tools/compiler/bin/../lib/gcc/arm-none-eabi/6.3.1/../../../../arm-none-eabi/lib/thumb/v7e-m/fpv4-sp/hard/libnosys.a
END GROUP
START GROUP
LOAD /home/alex/Ac6/SystemWorkbench/plugins/fr.ac6.mcu.externaltools.arm-none.linux64_1.15.0.201708311556/tools/compiler/bin/../lib/gcc/arm-none-eabi/6.3.1/thumb/v7e-m/fpv4-sp/hard/libgcc.a
LOAD /home/alex/Ac6/SystemWorkbench/plugins/fr.ac6.mcu.externaltools.arm-none.linux64_1.15.0.201708311556/tools/compiler/bin/../lib/gcc/arm-none-eabi/6.3.1/../../../../arm-none-eabi/lib/thumb/v7e-m/fpv4-sp/hard/libc_nano.a
LOAD /home/alex/Ac6/SystemWorkbench/plugins/fr.ac6.mcu.externaltools.arm-none.linux64_1.15.0.201708311556/tools/compiler/bin/../lib/gcc/arm-none-eabi/6.3.1/../../../../arm-none-eabi/lib/thumb/v7e-m/fpv4-sp/hard/libnosys.a
END GROUP
LOAD /home/alex/Ac6/SystemWorkbench/plugins/fr.ac6.mcu.externaltools.arm-none.linux64_1.15.0.201708311556/tools/compiler/bin/../lib/gcc/arm-none-eabi/6.3.1/thumb/v7e-m/fpv4-sp/hard/crtend.o
LOAD /home/alex/Ac6/SystemWorkbench/plugins/fr.ac6.mcu.externaltools.arm-none.linux64_1.15.0.201708311556/tools/compiler/bin/../lib/gcc/arm-none-eabi/6.3.1/thumb/v7e-m/fpv4-sp/hard/crtn.o
                0x0000000020030000                _estack = 0x20030000
                0x0000000000000200                _Min_Heap_Size = 0x200
                0x0000000000000400                _Min_Stack_Size = 0x400

.isr_vector     0x0000000008000000      0x1ac
                0x0000000008000000                . = ALIGN (0x4)
 *(.isr_vector)
 .isr_vector    0x0000000008000000      0x1ac startup/startup_stm32f429xx.o
                0x0000000008000000                g_pfnVectors
                0x00000000080001ac                . = ALIGN (0x4)

.text           0x00000000080001b0     0x360c
                0x00000000080001b0                . = ALIGN (0x4)
 *(.text)
 .text          0x00000000080001b0       0x6c /home/alex/Ac6/SystemWorkbench/plugins/fr.ac6.mcu.externaltools.arm-none.linux64_1.15.0.201708311556/tools/compiler/bin/../lib/gcc/arm-none-eabi/6.3.1/thumb/v7e-m/fpv4-sp/hard/crtbegin.o
 .text          0x000000000800021c       0x30 /home/alex/Ac6/SystemWorkbench/plugins/fr.ac6.mcu.externaltools.arm-none.linux64_1.15.0.201708311556/tools/compiler/bin/../lib/gcc/arm-none-eabi/6.3.1/thumb/v7e-m/fpv4-sp/hard/libgcc.a(_aeabi_uldivmod.o)
                0x000000000800021c                __aeabi_uldivmod
 .text          0x000000000800024c      0x2dc /home/alex/Ac6/SystemWorkbench/plugins/fr.ac6.mcu.externaltools.arm-none.linux64_1.15.0.201708311556/tools/compiler/bin/../lib/gcc/arm-none-eabi/6.3.1/thumb/v7e-m/fpv4-sp/hard/libgcc.a(_udivmoddi4.o)
                0x000000000800024c                __udivmoddi4
 .text          0x0000000008000528        0x4 /home/alex/Ac6/SystemWorkbench/plugins/fr.ac6.mcu.externaltools.arm-none.linux64_1.15.0.201708311556/tools/compiler/bin/../lib/gcc/arm-none-eabi/6.3.1/thumb/v7e-m/fpv4-sp/hard/libgcc.a(_dvmd_tls.o)
                0x0000000008000528                __aeabi_ldiv0
                0x0000000008000528                __aeabi_idiv0
 *(.text*)
 .text.HAL_Init
                0x000000000800052c       0x44 Drivers/STM32F4xx_HAL_Driver/Src/stm32f4xx_hal.o
                0x000000000800052c                HAL_Init
 .text.HAL_InitTick
                0x0000000008000570       0x60 Drivers/STM32F4xx_HAL_Driver/Src/stm32f4xx_hal.o
                0x0000000008000570                HAL_InitTick
 .text.HAL_IncTick
                0x00000000080005d0       0x28 Drivers/STM32F4xx_HAL_Driver/Src/stm32f4xx_hal.o
                0x00000000080005d0                HAL_IncTick
 .text.HAL_GetTick
                0x00000000080005f8       0x18 Drivers/STM32F4xx_HAL_Driver/Src/stm32f4xx_hal.o
                0x00000000080005f8                HAL_GetTick
 .text.NVIC_SetPriorityGrouping
                0x0000000008000610       0x48 Drivers/STM32F4xx_HAL_Driver/Src/stm32f4xx_hal_cortex.o
 .text.NVIC_GetPriorityGrouping
                0x0000000008000658       0x1c Drivers/STM32F4xx_HAL_Driver/Src/stm32f4xx_hal_cortex.o
 .text.NVIC_SetPriority
                0x0000000008000674       0x54 Drivers/STM32F4xx_HAL_Driver/Src/stm32f4xx_hal_cortex.o
 .text.NVIC_EncodePriority
                0x00000000080006c8       0x62 Drivers/STM32F4xx_HAL_Driver/Src/stm32f4xx_hal_cortex.o
 *fill*         0x000000000800072a        0x2 
 .text.SysTick_Config
                0x000000000800072c       0x44 Drivers/STM32F4xx_HAL_Driver/Src/stm32f4xx_hal_cortex.o
 .text.HAL_NVIC_SetPriorityGrouping
                0x0000000008000770       0x16 Drivers/STM32F4xx_HAL_Driver/Src/stm32f4xx_hal_cortex.o
                0x0000000008000770                HAL_NVIC_SetPriorityGrouping
 .text.HAL_NVIC_SetPriority
                0x0000000008000786       0x38 Drivers/STM32F4xx_HAL_Driver/Src/stm32f4xx_hal_cortex.o
                0x0000000008000786                HAL_NVIC_SetPriority
 .text.HAL_SYSTICK_Config
                0x00000000080007be       0x18 Drivers/STM32F4xx_HAL_Driver/Src/stm32f4xx_hal_cortex.o
                0x00000000080007be                HAL_SYSTICK_Config
 *fill*         0x00000000080007d6        0x2 
 .text.HAL_SYSTICK_CLKSourceConfig
                0x00000000080007d8       0x38 Drivers/STM32F4xx_HAL_Driver/Src/stm32f4xx_hal_cortex.o
                0x00000000080007d8                HAL_SYSTICK_CLKSourceConfig
 .text.HAL_PWREx_EnableOverDrive
                0x0000000008000810       0xa0 Drivers/STM32F4xx_HAL_Driver/Src/stm32f4xx_hal_pwr_ex.o
                0x0000000008000810                HAL_PWREx_EnableOverDrive
 .text.HAL_RCC_OscConfig
                0x00000000080008b0      0x484 Drivers/STM32F4xx_HAL_Driver/Src/stm32f4xx_hal_rcc.o
                0x00000000080008b0                HAL_RCC_OscConfig
 .text.HAL_RCC_ClockConfig
                0x0000000008000d34      0x1c4 Drivers/STM32F4xx_HAL_Driver/Src/stm32f4xx_hal_rcc.o
                0x0000000008000d34                HAL_RCC_ClockConfig
 .text.HAL_RCC_GetSysClockFreq
                0x0000000008000ef8      0x1b0 Drivers/STM32F4xx_HAL_Driver/Src/stm32f4xx_hal_rcc.o
                0x0000000008000ef8                HAL_RCC_GetSysClockFreq
 .text.HAL_RCC_GetHCLKFreq
                0x00000000080010a8       0x18 Drivers/STM32F4xx_HAL_Driver/Src/stm32f4xx_hal_rcc.o
                0x00000000080010a8                HAL_RCC_GetHCLKFreq
 .text.osSystickHandler
                0x00000000080010c0       0x16 Middlewares/Third_Party/FreeRTOS/Source/CMSIS_RTOS/cmsis_os.o
                0x00000000080010c0                osSystickHandler
 .text.vListInitialise
                0x00000000080010d6       0x40 Middlewares/Third_Party/FreeRTOS/Source/list.o
                0x00000000080010d6                vListInitialise
 .text.vListInitialiseItem
                0x0000000008001116       0x1a Middlewares/Third_Party/FreeRTOS/Source/list.o
                0x0000000008001116                vListInitialiseItem
 .text.vListInsertEnd
                0x0000000008001130       0x48 Middlewares/Third_Party/FreeRTOS/Source/list.o
                0x0000000008001130                vListInsertEnd
 .text.vListInsert
                0x0000000008001178       0x72 Middlewares/Third_Party/FreeRTOS/Source/list.o
                0x0000000008001178                vListInsert
 .text.uxListRemove
                0x00000000080011ea       0x54 Middlewares/Third_Party/FreeRTOS/Source/list.o
                0x00000000080011ea                uxListRemove
 *fill*         0x000000000800123e        0x2 
 .text.xQueueGenericReset
                0x0000000008001240       0xd0 Middlewares/Third_Party/FreeRTOS/Source/queue.o
                0x0000000008001240                xQueueGenericReset
 .text.xQueueGenericCreate
                0x0000000008001310       0x72 Middlewares/Third_Party/FreeRTOS/Source/queue.o
                0x0000000008001310                xQueueGenericCreate
 .text.prvInitialiseNewQueue
                0x0000000008001382       0x3e Middlewares/Third_Party/FreeRTOS/Source/queue.o
 .text.xQueueGenericSend
                0x00000000080013c0      0x1f4 Middlewares/Third_Party/FreeRTOS/Source/queue.o
                0x00000000080013c0                xQueueGenericSend
 .text.xQueueGenericReceive
                0x00000000080015b4      0x224 Middlewares/Third_Party/FreeRTOS/Source/queue.o
                0x00000000080015b4                xQueueGenericReceive
 .text.xQueueReceiveFromISR
                0x00000000080017d8       0xfa Middlewares/Third_Party/FreeRTOS/Source/queue.o
                0x00000000080017d8                xQueueReceiveFromISR
 .text.prvCopyDataToQueue
                0x00000000080018d2       0xd4 Middlewares/Third_Party/FreeRTOS/Source/queue.o
 .text.prvCopyDataFromQueue
                0x00000000080019a6       0x4c Middlewares/Third_Party/FreeRTOS/Source/queue.o
 .text.prvUnlockQueue
                0x00000000080019f2       0xa4 Middlewares/Third_Party/FreeRTOS/Source/queue.o
 .text.prvIsQueueEmpty
                0x0000000008001a96       0x2c Middlewares/Third_Party/FreeRTOS/Source/queue.o
 .text.prvIsQueueFull
                0x0000000008001ac2       0x30 Middlewares/Third_Party/FreeRTOS/Source/queue.o
 .text.xTaskCreate
                0x0000000008001af2       0x82 Middlewares/Third_Party/FreeRTOS/Source/tasks.o
                0x0000000008001af2                xTaskCreate
 .text.prvInitialiseNewTask
                0x0000000008001b74       0xfc Middlewares/Third_Party/FreeRTOS/Source/tasks.o
 .text.prvAddNewTaskToReadyList
                0x0000000008001c70       0xd4 Middlewares/Third_Party/FreeRTOS/Source/tasks.o
 .text.vTaskDelay
                0x0000000008001d44       0x68 Middlewares/Third_Party/FreeRTOS/Source/tasks.o
                0x0000000008001d44                vTaskDelay
 .text.uxTaskPriorityGet
                0x0000000008001dac       0x34 Middlewares/Third_Party/FreeRTOS/Source/tasks.o
                0x0000000008001dac                uxTaskPriorityGet
 .text.vTaskSuspend
                0x0000000008001de0      0x110 Middlewares/Third_Party/FreeRTOS/Source/tasks.o
                0x0000000008001de0                vTaskSuspend
 .text.vTaskStartScheduler
                0x0000000008001ef0       0x8c Middlewares/Third_Party/FreeRTOS/Source/tasks.o
                0x0000000008001ef0                vTaskStartScheduler
 .text.vTaskSuspendAll
                0x0000000008001f7c       0x1c Middlewares/Third_Party/FreeRTOS/Source/tasks.o
                0x0000000008001f7c                vTaskSuspendAll
 .text.xTaskResumeAll
                0x0000000008001f98      0x138 Middlewares/Third_Party/FreeRTOS/Source/tasks.o
                0x0000000008001f98                xTaskResumeAll
 .text.xTaskIncrementTick
                0x00000000080020d0      0x178 Middlewares/Third_Party/FreeRTOS/Source/tasks.o
                0x00000000080020d0                xTaskIncrementTick
 .text.vTaskSwitchContext
                0x0000000008002248       0xb4 Middlewares/Third_Party/FreeRTOS/Source/tasks.o
                0x0000000008002248                vTaskSwitchContext
 .text.vTaskPlaceOnEventList
                0x00000000080022fc       0x48 Middlewares/Third_Party/FreeRTOS/Source/tasks.o
                0x00000000080022fc                vTaskPlaceOnEventList
 .text.xTaskRemoveFromEventList
                0x0000000008002344       0xc4 Middlewares/Third_Party/FreeRTOS/Source/tasks.o
                0x0000000008002344                xTaskRemoveFromEventList
 .text.vTaskSetTimeOutState
                0x0000000008002408       0x48 Middlewares/Third_Party/FreeRTOS/Source/tasks.o
                0x0000000008002408                vTaskSetTimeOutState
 .text.xTaskCheckForTimeOut
                0x0000000008002450       0xbc Middlewares/Third_Party/FreeRTOS/Source/tasks.o
                0x0000000008002450                xTaskCheckForTimeOut
 .text.vTaskMissedYield
                0x000000000800250c       0x18 Middlewares/Third_Party/FreeRTOS/Source/tasks.o
                0x000000000800250c                vTaskMissedYield
 .text.prvIdleTask
                0x0000000008002524       0x30 Middlewares/Third_Party/FreeRTOS/Source/tasks.o
 .text.prvInitialiseTaskLists
                0x0000000008002554       0x80 Middlewares/Third_Party/FreeRTOS/Source/tasks.o
 .text.prvCheckTasksWaitingTermination
                0x00000000080025d4       0x78 Middlewares/Third_Party/FreeRTOS/Source/tasks.o
 .text.prvDeleteTCB
                0x000000000800264c       0x20 Middlewares/Third_Party/FreeRTOS/Source/tasks.o
 .text.prvResetNextTaskUnblockTime
                0x000000000800266c       0x4c Middlewares/Third_Party/FreeRTOS/Source/tasks.o
 .text.xTaskGetSchedulerState
                0x00000000080026b8       0x3c Middlewares/Third_Party/FreeRTOS/Source/tasks.o
                0x00000000080026b8                xTaskGetSchedulerState
 .text.vTaskPriorityInherit
                0x00000000080026f4       0xec Middlewares/Third_Party/FreeRTOS/Source/tasks.o
                0x00000000080026f4                vTaskPriorityInherit
 .text.xTaskPriorityDisinherit
                0x00000000080027e0      0x108 Middlewares/Third_Party/FreeRTOS/Source/tasks.o
                0x00000000080027e0                xTaskPriorityDisinherit
 .text.pvTaskIncrementMutexHeldCount
                0x00000000080028e8       0x28 Middlewares/Third_Party/FreeRTOS/Source/tasks.o
                0x00000000080028e8                pvTaskIncrementMutexHeldCount
 .text.prvAddCurrentTaskToDelayedList
                0x0000000008002910       0xcc Middlewares/Third_Party/FreeRTOS/Source/tasks.o
 .text.pxPortInitialiseStack
                0x00000000080029dc       0x68 Middlewares/Third_Party/FreeRTOS/Source/portable/GCC/ARM_CM4F/port.o
                0x00000000080029dc                pxPortInitialiseStack
 .text.prvTaskExitError
                0x0000000008002a44       0x3c Middlewares/Third_Party/FreeRTOS/Source/portable/GCC/ARM_CM4F/port.o
 .text.SVC_Handler
                0x0000000008002a80       0x28 Middlewares/Third_Party/FreeRTOS/Source/portable/GCC/ARM_CM4F/port.o
                0x0000000008002a80                SVC_Handler
 .text.prvPortStartFirstTask
                0x0000000008002aa8       0x20 Middlewares/Third_Party/FreeRTOS/Source/portable/GCC/ARM_CM4F/port.o
 .text.xPortStartScheduler
                0x0000000008002ac8      0x118 Middlewares/Third_Party/FreeRTOS/Source/portable/GCC/ARM_CM4F/port.o
                0x0000000008002ac8                xPortStartScheduler
 .text.vPortEnterCritical
                0x0000000008002be0       0x5c Middlewares/Third_Party/FreeRTOS/Source/portable/GCC/ARM_CM4F/port.o
                0x0000000008002be0                vPortEnterCritical
 .text.vPortExitCritical
                0x0000000008002c3c       0x50 Middlewares/Third_Party/FreeRTOS/Source/portable/GCC/ARM_CM4F/port.o
                0x0000000008002c3c                vPortExitCritical
 *fill*         0x0000000008002c8c        0x4 
 .text.PendSV_Handler
                0x0000000008002c90       0x68 Middlewares/Third_Party/FreeRTOS/Source/portable/GCC/ARM_CM4F/port.o
                0x0000000008002c90                PendSV_Handler
 .text.xPortSysTickHandler
                0x0000000008002cf8       0x40 Middlewares/Third_Party/FreeRTOS/Source/portable/GCC/ARM_CM4F/port.o
                0x0000000008002cf8                xPortSysTickHandler
 .text.vPortSetupTimerInterrupt
                0x0000000008002d38       0x38 Middlewares/Third_Party/FreeRTOS/Source/portable/GCC/ARM_CM4F/port.o
                0x0000000008002d38                vPortSetupTimerInterrupt
 .text.vPortEnableVFP
                0x0000000008002d70       0x14 Middlewares/Third_Party/FreeRTOS/Source/portable/GCC/ARM_CM4F/port.o
 .text.vPortValidateInterruptPriority
                0x0000000008002d84       0x7c Middlewares/Third_Party/FreeRTOS/Source/portable/GCC/ARM_CM4F/port.o
                0x0000000008002d84                vPortValidateInterruptPriority
 .text.pvPortMalloc
                0x0000000008002e00      0x184 Middlewares/Third_Party/FreeRTOS/Source/portable/MemMang/heap_4.o
                0x0000000008002e00                pvPortMalloc
 .text.vPortFree
                0x0000000008002f84       0xb0 Middlewares/Third_Party/FreeRTOS/Source/portable/MemMang/heap_4.o
                0x0000000008002f84                vPortFree
 .text.prvHeapInit
                0x0000000008003034       0xc4 Middlewares/Third_Party/FreeRTOS/Source/portable/MemMang/heap_4.o
 .text.prvInsertBlockIntoFreeList
                0x00000000080030f8       0xb4 Middlewares/Third_Party/FreeRTOS/Source/portable/MemMang/heap_4.o
 .text.main     0x00000000080031ac       0x84 Src/main.o
                0x00000000080031ac                main
 .text.vTask1   0x0000000008003230       0x94 Src/main.o
                0x0000000008003230                vTask1
 .text.vTask2   0x00000000080032c4       0x84 Src/main.o
                0x00000000080032c4                vTask2
 .text.vTask3   0x0000000008003348       0x28 Src/main.o
                0x0000000008003348                vTask3
 .text.vTask4   0x0000000008003370       0x98 Src/main.o
                0x0000000008003370                vTask4
 .text.SystemClock_Config
                0x0000000008003408      0x104 Src/main.o
                0x0000000008003408                SystemClock_Config
 .text.MX_GPIO_Init
                0x000000000800350c       0x34 Src/main.o
 .text._Error_Handler
                0x0000000008003540        0xc Src/main.o
                0x0000000008003540                _Error_Handler
 .text.HAL_MspInit
                0x000000000800354c       0xa4 Src/stm32f4xx_hal_msp.o
                0x000000000800354c                HAL_MspInit
 .text.NMI_Handler
                0x00000000080035f0        0xe Src/stm32f4xx_it.o
                0x00000000080035f0                NMI_Handler
 .text.HardFault_Handler
                0x00000000080035fe        0x6 Src/stm32f4xx_it.o
                0x00000000080035fe                HardFault_Handler
 .text.MemManage_Handler
                0x0000000008003604        0x6 Src/stm32f4xx_it.o
                0x0000000008003604                MemManage_Handler
 .text.BusFault_Handler
                0x000000000800360a        0x6 Src/stm32f4xx_it.o
                0x000000000800360a                BusFault_Handler
 .text.UsageFault_Handler
                0x0000000008003610        0x6 Src/stm32f4xx_it.o
                0x0000000008003610                UsageFault_Handler
 .text.DebugMon_Handler
                0x0000000008003616        0xe Src/stm32f4xx_it.o
                0x0000000008003616                DebugMon_Handler
 .text.SysTick_Handler
                0x0000000008003624       0x60 Src/stm32f4xx_it.o
                0x0000000008003624                SysTick_Handler
 .text.SystemInit
                0x0000000008003684       0x6c Src/system_stm32f4xx.o
                0x0000000008003684                SystemInit
 .text.Reset_Handler
                0x00000000080036f0       0x50 startup/startup_stm32f429xx.o
                0x00000000080036f0                Reset_Handler
 .text.Default_Handler
                0x0000000008003740        0x2 startup/startup_stm32f429xx.o
                0x0000000008003740                RTC_Alarm_IRQHandler
                0x0000000008003740                HASH_RNG_IRQHandler
                0x0000000008003740                EXTI2_IRQHandler
                0x0000000008003740                TIM8_CC_IRQHandler
                0x0000000008003740                UART8_IRQHandler
                0x0000000008003740                SPI4_IRQHandler
                0x0000000008003740                TIM1_CC_IRQHandler
                0x0000000008003740                DMA2_Stream5_IRQHandler
                0x0000000008003740                DMA1_Stream5_IRQHandler
                0x0000000008003740                PVD_IRQHandler
                0x0000000008003740                SDIO_IRQHandler
                0x0000000008003740                TAMP_STAMP_IRQHandler
                0x0000000008003740                CAN2_RX1_IRQHandler
                0x0000000008003740                EXTI3_IRQHandler
                0x0000000008003740                TIM8_TRG_COM_TIM14_IRQHandler
                0x0000000008003740                TIM1_UP_TIM10_IRQHandler
                0x0000000008003740                TIM8_UP_TIM13_IRQHandler
                0x0000000008003740                I2C3_ER_IRQHandler
                0x0000000008003740                EXTI0_IRQHandler
                0x0000000008003740                I2C2_EV_IRQHandler
                0x0000000008003740                DMA1_Stream2_IRQHandler
                0x0000000008003740                CAN1_RX0_IRQHandler
                0x0000000008003740                FPU_IRQHandler
                0x0000000008003740                OTG_HS_WKUP_IRQHandler
                0x0000000008003740                LTDC_ER_IRQHandler
                0x0000000008003740                CAN2_SCE_IRQHandler
                0x0000000008003740                DMA2_Stream2_IRQHandler
                0x0000000008003740                SPI1_IRQHandler
                0x0000000008003740                TIM6_DAC_IRQHandler
                0x0000000008003740                TIM1_BRK_TIM9_IRQHandler
                0x0000000008003740                DCMI_IRQHandler
                0x0000000008003740                CAN2_RX0_IRQHandler
                0x0000000008003740                DMA2_Stream3_IRQHandler
                0x0000000008003740                USART6_IRQHandler
                0x0000000008003740                USART3_IRQHandler
                0x0000000008003740                CAN1_RX1_IRQHandler
                0x0000000008003740                UART5_IRQHandler
                0x0000000008003740                DMA2_Stream0_IRQHandler
                0x0000000008003740                TIM4_IRQHandler
                0x0000000008003740                I2C1_EV_IRQHandler
                0x0000000008003740                DMA1_Stream6_IRQHandler
                0x0000000008003740                DMA1_Stream1_IRQHandler
                0x0000000008003740                UART4_IRQHandler
                0x0000000008003740                TIM3_IRQHandler
                0x0000000008003740                RCC_IRQHandler
                0x0000000008003740                TIM8_BRK_TIM12_IRQHandler
                0x0000000008003740                Default_Handler
                0x0000000008003740                EXTI15_10_IRQHandler
                0x0000000008003740                ADC_IRQHandler
                0x0000000008003740                DMA1_Stream7_IRQHandler
                0x0000000008003740                SPI5_IRQHandler
                0x0000000008003740                TIM7_IRQHandler
                0x0000000008003740                CAN2_TX_IRQHandler
                0x0000000008003740                TIM5_IRQHandler
                0x0000000008003740                DMA2_Stream7_IRQHandler
                0x0000000008003740                I2C3_EV_IRQHandler
                0x0000000008003740                EXTI9_5_IRQHandler
                0x0000000008003740                RTC_WKUP_IRQHandler
                0x0000000008003740                LTDC_IRQHandler
                0x0000000008003740                ETH_WKUP_IRQHandler
                0x0000000008003740                SPI2_IRQHandler
                0x0000000008003740                OTG_HS_EP1_IN_IRQHandler
                0x0000000008003740                DMA1_Stream0_IRQHandler
                0x0000000008003740                CAN1_TX_IRQHandler
                0x0000000008003740                EXTI4_IRQHandler
                0x0000000008003740                ETH_IRQHandler
                0x0000000008003740                OTG_HS_EP1_OUT_IRQHandler
                0x0000000008003740                WWDG_IRQHandler
                0x0000000008003740                SPI6_IRQHandler
                0x0000000008003740                TIM2_IRQHandler
                0x0000000008003740                OTG_FS_WKUP_IRQHandler
                0x0000000008003740                TIM1_TRG_COM_TIM11_IRQHandler
                0x0000000008003740                OTG_HS_IRQHandler
                0x0000000008003740                DMA2D_IRQHandler
                0x0000000008003740                EXTI1_IRQHandler
                0x0000000008003740                UART7_IRQHandler
                0x0000000008003740                USART2_IRQHandler
                0x0000000008003740                I2C2_ER_IRQHandler
                0x0000000008003740                DMA2_Stream1_IRQHandler
                0x0000000008003740                CAN1_SCE_IRQHandler
                0x0000000008003740                FLASH_IRQHandler
                0x0000000008003740                DMA2_Stream4_IRQHandler
                0x0000000008003740                USART1_IRQHandler
                0x0000000008003740                OTG_FS_IRQHandler
                0x0000000008003740                SPI3_IRQHandler
                0x0000000008003740                DMA1_Stream4_IRQHandler
                0x0000000008003740                I2C1_ER_IRQHandler
                0x0000000008003740                FMC_IRQHandler
                0x0000000008003740                DMA2_Stream6_IRQHandler
                0x0000000008003740                SAI1_IRQHandler
                0x0000000008003740                DMA1_Stream3_IRQHandler
 *fill*         0x0000000008003742        0x2 
 .text.__libc_init_array
                0x0000000008003744       0x48 /home/alex/Ac6/SystemWorkbench/plugins/fr.ac6.mcu.externaltools.arm-none.linux64_1.15.0.201708311556/tools/compiler/bin/../lib/gcc/arm-none-eabi/6.3.1/../../../../arm-none-eabi/lib/thumb/v7e-m/fpv4-sp/hard/libc_nano.a(lib_a-init.o)
                0x0000000008003744                __libc_init_array
 .text.memcpy   0x000000000800378c       0x16 /home/alex/Ac6/SystemWorkbench/plugins/fr.ac6.mcu.externaltools.arm-none.linux64_1.15.0.201708311556/tools/compiler/bin/../lib/gcc/arm-none-eabi/6.3.1/../../../../arm-none-eabi/lib/thumb/v7e-m/fpv4-sp/hard/libc_nano.a(lib_a-memcpy-stub.o)
                0x000000000800378c                memcpy
 *(.glue_7)
 .glue_7        0x00000000080037a2        0x0 linker stubs
 *(.glue_7t)
 .glue_7t       0x00000000080037a2        0x0 linker stubs
 *(.eh_frame)
 *fill*         0x00000000080037a2        0x2 
 .eh_frame      0x00000000080037a4        0x0 /home/alex/Ac6/SystemWorkbench/plugins/fr.ac6.mcu.externaltools.arm-none.linux64_1.15.0.201708311556/tools/compiler/bin/../lib/gcc/arm-none-eabi/6.3.1/thumb/v7e-m/fpv4-sp/hard/crtbegin.o
 *(.init)
 .init          0x00000000080037a4        0x4 /home/alex/Ac6/SystemWorkbench/plugins/fr.ac6.mcu.externaltools.arm-none.linux64_1.15.0.201708311556/tools/compiler/bin/../lib/gcc/arm-none-eabi/6.3.1/thumb/v7e-m/fpv4-sp/hard/crti.o
                0x00000000080037a4                _init
 .init          0x00000000080037a8        0x8 /home/alex/Ac6/SystemWorkbench/plugins/fr.ac6.mcu.externaltools.arm-none.linux64_1.15.0.201708311556/tools/compiler/bin/../lib/gcc/arm-none-eabi/6.3.1/thumb/v7e-m/fpv4-sp/hard/crtn.o
 *(.fini)
 .fini          0x00000000080037b0        0x4 /home/alex/Ac6/SystemWorkbench/plugins/fr.ac6.mcu.externaltools.arm-none.linux64_1.15.0.201708311556/tools/compiler/bin/../lib/gcc/arm-none-eabi/6.3.1/thumb/v7e-m/fpv4-sp/hard/crti.o
                0x00000000080037b0                _fini
 .fini          0x00000000080037b4        0x8 /home/alex/Ac6/SystemWorkbench/plugins/fr.ac6.mcu.externaltools.arm-none.linux64_1.15.0.201708311556/tools/compiler/bin/../lib/gcc/arm-none-eabi/6.3.1/thumb/v7e-m/fpv4-sp/hard/crtn.o
                0x00000000080037bc                . = ALIGN (0x4)
                0x00000000080037bc                _etext = .

.vfp11_veneer   0x00000000080037bc        0x0
 .vfp11_veneer  0x00000000080037bc        0x0 linker stubs

.v4_bx          0x00000000080037bc        0x0
 .v4_bx         0x00000000080037bc        0x0 linker stubs

.iplt           0x00000000080037bc        0x0
 .iplt          0x00000000080037bc        0x0 /home/alex/Ac6/SystemWorkbench/plugins/fr.ac6.mcu.externaltools.arm-none.linux64_1.15.0.201708311556/tools/compiler/bin/../lib/gcc/arm-none-eabi/6.3.1/thumb/v7e-m/fpv4-sp/hard/crtbegin.o

.rodata         0x00000000080037bc       0x50
                0x00000000080037bc                . = ALIGN (0x4)
 *(.rodata)
 .rodata        0x00000000080037bc        0x5 Middlewares/Third_Party/FreeRTOS/Source/tasks.o
 *fill*         0x00000000080037c1        0x3 
 .rodata        0x00000000080037c4       0x2e Src/main.o
 *fill*         0x00000000080037f2        0x2 
 .rodata        0x00000000080037f4       0x18 Src/system_stm32f4xx.o
                0x00000000080037f4                AHBPrescTable
                0x0000000008003804                APBPrescTable
 *(.rodata*)
                0x000000000800380c                . = ALIGN (0x4)

.ARM.extab
 *(.ARM.extab* .gnu.linkonce.armextab.*)

.ARM            0x000000000800380c        0x8
                0x000000000800380c                __exidx_start = .
 *(.ARM.exidx*)
 .ARM.exidx     0x000000000800380c        0x8 /home/alex/Ac6/SystemWorkbench/plugins/fr.ac6.mcu.externaltools.arm-none.linux64_1.15.0.201708311556/tools/compiler/bin/../lib/gcc/arm-none-eabi/6.3.1/thumb/v7e-m/fpv4-sp/hard/libgcc.a(_udivmoddi4.o)
                0x0000000008003814                __exidx_end = .

.rel.dyn        0x0000000008003814        0x0
 .rel.iplt      0x0000000008003814        0x0 /home/alex/Ac6/SystemWorkbench/plugins/fr.ac6.mcu.externaltools.arm-none.linux64_1.15.0.201708311556/tools/compiler/bin/../lib/gcc/arm-none-eabi/6.3.1/thumb/v7e-m/fpv4-sp/hard/crtbegin.o

.preinit_array  0x0000000008003814        0x0
                0x0000000008003814                PROVIDE (__preinit_array_start, .)
 *(.preinit_array*)
                0x0000000008003814                PROVIDE (__preinit_array_end, .)

.init_array     0x0000000008003814        0x4
                0x0000000008003814                PROVIDE (__init_array_start, .)
 *(SORT(.init_array.*))
 *(.init_array*)
 .init_array    0x0000000008003814        0x4 /home/alex/Ac6/SystemWorkbench/plugins/fr.ac6.mcu.externaltools.arm-none.linux64_1.15.0.201708311556/tools/compiler/bin/../lib/gcc/arm-none-eabi/6.3.1/thumb/v7e-m/fpv4-sp/hard/crtbegin.o
                0x0000000008003818                PROVIDE (__init_array_end, .)

.fini_array     0x0000000008003818        0x4
                [!provide]                        PROVIDE (__fini_array_start, .)
 *(SORT(.fini_array.*))
 *(.fini_array*)
 .fini_array    0x0000000008003818        0x4 /home/alex/Ac6/SystemWorkbench/plugins/fr.ac6.mcu.externaltools.arm-none.linux64_1.15.0.201708311556/tools/compiler/bin/../lib/gcc/arm-none-eabi/6.3.1/thumb/v7e-m/fpv4-sp/hard/crtbegin.o
                [!provide]                        PROVIDE (__fini_array_end, .)
                0x000000000800381c                _sidata = LOADADDR (.data)

.data           0x0000000020000000       0x10 load address 0x000000000800381c
                0x0000000020000000                . = ALIGN (0x4)
                0x0000000020000000                _sdata = .
 *(.data)
 .data          0x0000000020000000        0x5 Drivers/STM32F4xx_HAL_Driver/Src/stm32f4xx_hal.o
                0x0000000020000000                uwTickPrio
                0x0000000020000004                uwTickFreq
 *fill*         0x0000000020000005        0x3 
 .data          0x0000000020000008        0x4 Middlewares/Third_Party/FreeRTOS/Source/portable/GCC/ARM_CM4F/port.o
 .data          0x000000002000000c        0x4 Src/system_stm32f4xx.o
                0x000000002000000c                SystemCoreClock
 *(.data*)
                0x0000000020000010                . = ALIGN (0x4)
                0x0000000020000010                _edata = .
                0x000000000800382c                _siccmram = LOADADDR (.ccmram)

.jcr            0x0000000020000010        0x0 load address 0x000000000800382c
 .jcr           0x0000000020000010        0x0 /home/alex/Ac6/SystemWorkbench/plugins/fr.ac6.mcu.externaltools.arm-none.linux64_1.15.0.201708311556/tools/compiler/bin/../lib/gcc/arm-none-eabi/6.3.1/thumb/v7e-m/fpv4-sp/hard/crtbegin.o

.igot.plt       0x0000000020000010        0x0 load address 0x000000000800382c
 .igot.plt      0x0000000020000010        0x0 /home/alex/Ac6/SystemWorkbench/plugins/fr.ac6.mcu.externaltools.arm-none.linux64_1.15.0.201708311556/tools/compiler/bin/../lib/gcc/arm-none-eabi/6.3.1/thumb/v7e-m/fpv4-sp/hard/crtbegin.o

.ccmram         0x0000000010000000        0x0 load address 0x000000000800382c
                0x0000000010000000                . = ALIGN (0x4)
                0x0000000010000000                _sccmram = .
 *(.ccmram)
 *(.ccmram*)
                0x0000000010000000                . = ALIGN (0x4)
                0x0000000010000000                _eccmram = .
                0x0000000010000000                . = ALIGN (0x4)

.bss            0x0000000020000010     0x3e30
                0x0000000020000010                _sbss = .
                0x0000000020000010                __bss_start__ = _sbss
 *(.bss)
 .bss           0x0000000020000010       0x1c /home/alex/Ac6/SystemWorkbench/plugins/fr.ac6.mcu.externaltools.arm-none.linux64_1.15.0.201708311556/tools/compiler/bin/../lib/gcc/arm-none-eabi/6.3.1/thumb/v7e-m/fpv4-sp/hard/crtbegin.o
 .bss           0x000000002000002c      0x12c Middlewares/Third_Party/FreeRTOS/Source/tasks.o
                0x000000002000002c                pxCurrentTCB
 .bss           0x0000000020000158        0x8 Middlewares/Third_Party/FreeRTOS/Source/portable/GCC/ARM_CM4F/port.o
 .bss           0x0000000020000160     0x3c18 Middlewares/Third_Party/FreeRTOS/Source/portable/MemMang/heap_4.o
 .bss           0x0000000020003d78       0x7c Src/main.o
                0x0000000020003d78                state_init_queue34
 .bss           0x0000000020003df4       0x2c Src/stm32f4xx_it.o
 *(.bss*)
 *(COMMON)
 COMMON         0x0000000020003e20        0x4 Drivers/STM32F4xx_HAL_Driver/Src/stm32f4xx_hal.o
                0x0000000020003e20                uwTick
 COMMON         0x0000000020003e24       0x1c Src/main.o
                0x0000000020003e24                xqueue34
                0x0000000020003e28                defaultTaskHandle
                0x0000000020003e2c                xCreatedTask3
                0x0000000020003e30                xqueue
                0x0000000020003e34                data_type
                0x0000000020003e3c                xCreatedTask4
                0x0000000020003e40                . = ALIGN (0x4)
                0x0000000020003e40                _ebss = .
                0x0000000020003e40                __bss_end__ = _ebss

._user_heap_stack
                0x0000000020003e40      0x600
                0x0000000020003e40                . = ALIGN (0x8)
                [!provide]                        PROVIDE (end, .)
                [!provide]                        PROVIDE (_end, .)
                0x0000000020004040                . = (. + _Min_Heap_Size)
 *fill*         0x0000000020003e40      0x200 
                0x0000000020004440                . = (. + _Min_Stack_Size)
 *fill*         0x0000000020004040      0x400 
                0x0000000020004440                . = ALIGN (0x8)

/DISCARD/
 libc.a(*)
 libm.a(*)
 libgcc.a(*)

.ARM.attributes
                0x0000000000000000       0x30
 *(.ARM.attributes)
 .ARM.attributes
                0x0000000000000000       0x22 /home/alex/Ac6/SystemWorkbench/plugins/fr.ac6.mcu.externaltools.arm-none.linux64_1.15.0.201708311556/tools/compiler/bin/../lib/gcc/arm-none-eabi/6.3.1/thumb/v7e-m/fpv4-sp/hard/crti.o
 .ARM.attributes
                0x0000000000000022       0x34 /home/alex/Ac6/SystemWorkbench/plugins/fr.ac6.mcu.externaltools.arm-none.linux64_1.15.0.201708311556/tools/compiler/bin/../lib/gcc/arm-none-eabi/6.3.1/thumb/v7e-m/fpv4-sp/hard/crtbegin.o
 .ARM.attributes
                0x0000000000000056       0x39 Drivers/STM32F4xx_HAL_Driver/Src/stm32f4xx_hal.o
 .ARM.attributes
                0x000000000000008f       0x39 Drivers/STM32F4xx_HAL_Driver/Src/stm32f4xx_hal_cortex.o
 .ARM.attributes
                0x00000000000000c8       0x39 Drivers/STM32F4xx_HAL_Driver/Src/stm32f4xx_hal_pwr_ex.o
 .ARM.attributes
                0x0000000000000101       0x39 Drivers/STM32F4xx_HAL_Driver/Src/stm32f4xx_hal_rcc.o
 .ARM.attributes
                0x000000000000013a       0x39 Middlewares/Third_Party/FreeRTOS/Source/CMSIS_RTOS/cmsis_os.o
 .ARM.attributes
                0x0000000000000173       0x39 Middlewares/Third_Party/FreeRTOS/Source/list.o
 .ARM.attributes
                0x00000000000001ac       0x39 Middlewares/Third_Party/FreeRTOS/Source/queue.o
 .ARM.attributes
                0x00000000000001e5       0x39 Middlewares/Third_Party/FreeRTOS/Source/tasks.o
 .ARM.attributes
                0x000000000000021e       0x39 Middlewares/Third_Party/FreeRTOS/Source/portable/GCC/ARM_CM4F/port.o
 .ARM.attributes
                0x0000000000000257       0x39 Middlewares/Third_Party/FreeRTOS/Source/portable/MemMang/heap_4.o
 .ARM.attributes
                0x0000000000000290       0x39 Src/main.o
 .ARM.attributes
                0x00000000000002c9       0x39 Src/stm32f4xx_hal_msp.o
 .ARM.attributes
                0x0000000000000302       0x39 Src/stm32f4xx_it.o
 .ARM.attributes
                0x000000000000033b       0x39 Src/system_stm32f4xx.o
 .ARM.attributes
                0x0000000000000374       0x21 startup/startup_stm32f429xx.o
 .ARM.attributes
                0x0000000000000395       0x22 /home/alex/Ac6/SystemWorkbench/plugins/fr.ac6.mcu.externaltools.arm-none.linux64_1.15.0.201708311556/tools/compiler/bin/../lib/gcc/arm-none-eabi/6.3.1/thumb/v7e-m/fpv4-sp/hard/libgcc.a(_aeabi_uldivmod.o)
 .ARM.attributes
                0x00000000000003b7       0x34 /home/alex/Ac6/SystemWorkbench/plugins/fr.ac6.mcu.externaltools.arm-none.linux64_1.15.0.201708311556/tools/compiler/bin/../lib/gcc/arm-none-eabi/6.3.1/thumb/v7e-m/fpv4-sp/hard/libgcc.a(_udivmoddi4.o)
 .ARM.attributes
                0x00000000000003eb       0x22 /home/alex/Ac6/SystemWorkbench/plugins/fr.ac6.mcu.externaltools.arm-none.linux64_1.15.0.201708311556/tools/compiler/bin/../lib/gcc/arm-none-eabi/6.3.1/thumb/v7e-m/fpv4-sp/hard/libgcc.a(_dvmd_tls.o)
 .ARM.attributes
                0x000000000000040d       0x34 /home/alex/Ac6/SystemWorkbench/plugins/fr.ac6.mcu.externaltools.arm-none.linux64_1.15.0.201708311556/tools/compiler/bin/../lib/gcc/arm-none-eabi/6.3.1/../../../../arm-none-eabi/lib/thumb/v7e-m/fpv4-sp/hard/libc_nano.a(lib_a-init.o)
 .ARM.attributes
                0x0000000000000441       0x34 /home/alex/Ac6/SystemWorkbench/plugins/fr.ac6.mcu.externaltools.arm-none.linux64_1.15.0.201708311556/tools/compiler/bin/../lib/gcc/arm-none-eabi/6.3.1/../../../../arm-none-eabi/lib/thumb/v7e-m/fpv4-sp/hard/libc_nano.a(lib_a-memcpy-stub.o)
 .ARM.attributes
                0x0000000000000475       0x22 /home/alex/Ac6/SystemWorkbench/plugins/fr.ac6.mcu.externaltools.arm-none.linux64_1.15.0.201708311556/tools/compiler/bin/../lib/gcc/arm-none-eabi/6.3.1/thumb/v7e-m/fpv4-sp/hard/crtn.o
OUTPUT(st4_1.elf elf32-littlearm)

.debug_info     0x0000000000000000     0xf134
 .debug_info    0x0000000000000000     0x11a6 Drivers/STM32F4xx_HAL_Driver/Src/stm32f4xx_hal.o
 .debug_info    0x00000000000011a6     0x162c Drivers/STM32F4xx_HAL_Driver/Src/stm32f4xx_hal_cortex.o
 .debug_info    0x00000000000027d2      0xf55 Drivers/STM32F4xx_HAL_Driver/Src/stm32f4xx_hal_pwr_ex.o
 .debug_info    0x0000000000003727     0x10e4 Drivers/STM32F4xx_HAL_Driver/Src/stm32f4xx_hal_rcc.o
 .debug_info    0x000000000000480b     0x1b05 Middlewares/Third_Party/FreeRTOS/Source/CMSIS_RTOS/cmsis_os.o
 .debug_info    0x0000000000006310      0xad7 Middlewares/Third_Party/FreeRTOS/Source/list.o
 .debug_info    0x0000000000006de7     0x19bf Middlewares/Third_Party/FreeRTOS/Source/queue.o
 .debug_info    0x00000000000087a6     0x20c9 Middlewares/Third_Party/FreeRTOS/Source/tasks.o
 .debug_info    0x000000000000a86f      0x50f Middlewares/Third_Party/FreeRTOS/Source/portable/GCC/ARM_CM4F/port.o
 .debug_info    0x000000000000ad7e      0xc01 Middlewares/Third_Party/FreeRTOS/Source/portable/MemMang/heap_4.o
 .debug_info    0x000000000000b97f     0x1239 Src/main.o
 .debug_info    0x000000000000cbb8      0xdac Src/stm32f4xx_hal_msp.o
 .debug_info    0x000000000000d964      0xa28 Src/stm32f4xx_it.o
 .debug_info    0x000000000000e38c      0xd45 Src/system_stm32f4xx.o
 .debug_info    0x000000000000f0d1       0x63 startup/startup_stm32f429xx.o

.debug_abbrev   0x0000000000000000     0x25d9
 .debug_abbrev  0x0000000000000000      0x2bb Drivers/STM32F4xx_HAL_Driver/Src/stm32f4xx_hal.o
 .debug_abbrev  0x00000000000002bb      0x39d Drivers/STM32F4xx_HAL_Driver/Src/stm32f4xx_hal_cortex.o
 .debug_abbrev  0x0000000000000658      0x2ae Drivers/STM32F4xx_HAL_Driver/Src/stm32f4xx_hal_pwr_ex.o
 .debug_abbrev  0x0000000000000906      0x303 Drivers/STM32F4xx_HAL_Driver/Src/stm32f4xx_hal_rcc.o
 .debug_abbrev  0x0000000000000c09      0x3a4 Middlewares/Third_Party/FreeRTOS/Source/CMSIS_RTOS/cmsis_os.o
 .debug_abbrev  0x0000000000000fad      0x1fe Middlewares/Third_Party/FreeRTOS/Source/list.o
 .debug_abbrev  0x00000000000011ab      0x30d Middlewares/Third_Party/FreeRTOS/Source/queue.o
 .debug_abbrev  0x00000000000014b8      0x38a Middlewares/Third_Party/FreeRTOS/Source/tasks.o
 .debug_abbrev  0x0000000000001842      0x1d8 Middlewares/Third_Party/FreeRTOS/Source/portable/GCC/ARM_CM4F/port.o
 .debug_abbrev  0x0000000000001a1a      0x2d4 Middlewares/Third_Party/FreeRTOS/Source/portable/MemMang/heap_4.o
 .debug_abbrev  0x0000000000001cee      0x2e7 Src/main.o
 .debug_abbrev  0x0000000000001fd5      0x204 Src/stm32f4xx_hal_msp.o
 .debug_abbrev  0x00000000000021d9      0x1e9 Src/stm32f4xx_it.o
 .debug_abbrev  0x00000000000023c2      0x205 Src/system_stm32f4xx.o
 .debug_abbrev  0x00000000000025c7       0x12 startup/startup_stm32f429xx.o

.debug_aranges  0x0000000000000000      0x968
 .debug_aranges
                0x0000000000000000       0xf0 Drivers/STM32F4xx_HAL_Driver/Src/stm32f4xx_hal.o
 .debug_aranges
                0x00000000000000f0      0x118 Drivers/STM32F4xx_HAL_Driver/Src/stm32f4xx_hal_cortex.o
 .debug_aranges
                0x0000000000000208       0x60 Drivers/STM32F4xx_HAL_Driver/Src/stm32f4xx_hal_pwr_ex.o
 .debug_aranges
                0x0000000000000268       0x88 Drivers/STM32F4xx_HAL_Driver/Src/stm32f4xx_hal_rcc.o
 .debug_aranges
                0x00000000000002f0      0x1d8 Middlewares/Third_Party/FreeRTOS/Source/CMSIS_RTOS/cmsis_os.o
 .debug_aranges
                0x00000000000004c8       0x40 Middlewares/Third_Party/FreeRTOS/Source/list.o
 .debug_aranges
                0x0000000000000508       0xe0 Middlewares/Third_Party/FreeRTOS/Source/queue.o
 .debug_aranges
                0x00000000000005e8      0x190 Middlewares/Third_Party/FreeRTOS/Source/tasks.o
 .debug_aranges
                0x0000000000000778       0x80 Middlewares/Third_Party/FreeRTOS/Source/portable/GCC/ARM_CM4F/port.o
 .debug_aranges
                0x00000000000007f8       0x50 Middlewares/Third_Party/FreeRTOS/Source/portable/MemMang/heap_4.o
 .debug_aranges
                0x0000000000000848       0x60 Src/main.o
 .debug_aranges
                0x00000000000008a8       0x20 Src/stm32f4xx_hal_msp.o
 .debug_aranges
                0x00000000000008c8       0x50 Src/stm32f4xx_it.o
 .debug_aranges
                0x0000000000000918       0x28 Src/system_stm32f4xx.o
 .debug_aranges
                0x0000000000000940       0x28 startup/startup_stm32f429xx.o

.debug_ranges   0x0000000000000000      0x880
 .debug_ranges  0x0000000000000000       0xe0 Drivers/STM32F4xx_HAL_Driver/Src/stm32f4xx_hal.o
 .debug_ranges  0x00000000000000e0      0x108 Drivers/STM32F4xx_HAL_Driver/Src/stm32f4xx_hal_cortex.o
 .debug_ranges  0x00000000000001e8       0x50 Drivers/STM32F4xx_HAL_Driver/Src/stm32f4xx_hal_pwr_ex.o
 .debug_ranges  0x0000000000000238       0x78 Drivers/STM32F4xx_HAL_Driver/Src/stm32f4xx_hal_rcc.o
 .debug_ranges  0x00000000000002b0      0x1c8 Middlewares/Third_Party/FreeRTOS/Source/CMSIS_RTOS/cmsis_os.o
 .debug_ranges  0x0000000000000478       0x30 Middlewares/Third_Party/FreeRTOS/Source/list.o
 .debug_ranges  0x00000000000004a8       0xd0 Middlewares/Third_Party/FreeRTOS/Source/queue.o
 .debug_ranges  0x0000000000000578      0x180 Middlewares/Third_Party/FreeRTOS/Source/tasks.o
 .debug_ranges  0x00000000000006f8       0x70 Middlewares/Third_Party/FreeRTOS/Source/portable/GCC/ARM_CM4F/port.o
 .debug_ranges  0x0000000000000768       0x40 Middlewares/Third_Party/FreeRTOS/Source/portable/MemMang/heap_4.o
 .debug_ranges  0x00000000000007a8       0x50 Src/main.o
 .debug_ranges  0x00000000000007f8       0x10 Src/stm32f4xx_hal_msp.o
 .debug_ranges  0x0000000000000808       0x40 Src/stm32f4xx_it.o
 .debug_ranges  0x0000000000000848       0x18 Src/system_stm32f4xx.o
 .debug_ranges  0x0000000000000860       0x20 startup/startup_stm32f429xx.o

.debug_macro    0x0000000000000000    0x23a02
 .debug_macro   0x0000000000000000      0x356 Drivers/STM32F4xx_HAL_Driver/Src/stm32f4xx_hal.o
 .debug_macro   0x0000000000000356      0x8bc Drivers/STM32F4xx_HAL_Driver/Src/stm32f4xx_hal.o
 .debug_macro   0x0000000000000c12       0x10 Drivers/STM32F4xx_HAL_Driver/Src/stm32f4xx_hal.o
 .debug_macro   0x0000000000000c22      0x174 Drivers/STM32F4xx_HAL_Driver/Src/stm32f4xx_hal.o
 .debug_macro   0x0000000000000d96       0x32 Drivers/STM32F4xx_HAL_Driver/Src/stm32f4xx_hal.o
 .debug_macro   0x0000000000000dc8       0x28 Drivers/STM32F4xx_HAL_Driver/Src/stm32f4xx_hal.o
 .debug_macro   0x0000000000000df0       0x22 Drivers/STM32F4xx_HAL_Driver/Src/stm32f4xx_hal.o
 .debug_macro   0x0000000000000e12       0x87 Drivers/STM32F4xx_HAL_Driver/Src/stm32f4xx_hal.o
 .debug_macro   0x0000000000000e99       0x51 Drivers/STM32F4xx_HAL_Driver/Src/stm32f4xx_hal.o
 .debug_macro   0x0000000000000eea       0xef Drivers/STM32F4xx_HAL_Driver/Src/stm32f4xx_hal.o
 .debug_macro   0x0000000000000fd9       0x6a Drivers/STM32F4xx_HAL_Driver/Src/stm32f4xx_hal.o
 .debug_macro   0x0000000000001043      0x1df Drivers/STM32F4xx_HAL_Driver/Src/stm32f4xx_hal.o
 .debug_macro   0x0000000000001222       0x35 Drivers/STM32F4xx_HAL_Driver/Src/stm32f4xx_hal.o
 .debug_macro   0x0000000000001257       0x50 Drivers/STM32F4xx_HAL_Driver/Src/stm32f4xx_hal.o
 .debug_macro   0x00000000000012a7      0xe66 Drivers/STM32F4xx_HAL_Driver/Src/stm32f4xx_hal.o
 .debug_macro   0x000000000000210d    0x17e1c Drivers/STM32F4xx_HAL_Driver/Src/stm32f4xx_hal.o
 .debug_macro   0x0000000000019f29       0x43 Drivers/STM32F4xx_HAL_Driver/Src/stm32f4xx_hal.o
 .debug_macro   0x0000000000019f6c     0x35a5 Drivers/STM32F4xx_HAL_Driver/Src/stm32f4xx_hal.o
 .debug_macro   0x000000000001d511       0x58 Drivers/STM32F4xx_HAL_Driver/Src/stm32f4xx_hal.o
 .debug_macro   0x000000000001d569       0x35 Drivers/STM32F4xx_HAL_Driver/Src/stm32f4xx_hal.o
 .debug_macro   0x000000000001d59e       0x9c Drivers/STM32F4xx_HAL_Driver/Src/stm32f4xx_hal.o
 .debug_macro   0x000000000001d63a       0x16 Drivers/STM32F4xx_HAL_Driver/Src/stm32f4xx_hal.o
 .debug_macro   0x000000000001d650       0x97 Drivers/STM32F4xx_HAL_Driver/Src/stm32f4xx_hal.o
 .debug_macro   0x000000000001d6e7      0x330 Drivers/STM32F4xx_HAL_Driver/Src/stm32f4xx_hal.o
 .debug_macro   0x000000000001da17       0xfd Drivers/STM32F4xx_HAL_Driver/Src/stm32f4xx_hal.o
 .debug_macro   0x000000000001db14       0x10 Drivers/STM32F4xx_HAL_Driver/Src/stm32f4xx_hal.o
 .debug_macro   0x000000000001db24       0x58 Drivers/STM32F4xx_HAL_Driver/Src/stm32f4xx_hal.o
 .debug_macro   0x000000000001db7c       0x1f Drivers/STM32F4xx_HAL_Driver/Src/stm32f4xx_hal.o
 .debug_macro   0x000000000001db9b       0x43 Drivers/STM32F4xx_HAL_Driver/Src/stm32f4xx_hal.o
 .debug_macro   0x000000000001dbde       0x20 Drivers/STM32F4xx_HAL_Driver/Src/stm32f4xx_hal.o
 .debug_macro   0x000000000001dbfe      0x187 Drivers/STM32F4xx_HAL_Driver/Src/stm32f4xx_hal.o
 .debug_macro   0x000000000001dd85       0x10 Drivers/STM32F4xx_HAL_Driver/Src/stm32f4xx_hal.o
 .debug_macro   0x000000000001dd95       0x1c Drivers/STM32F4xx_HAL_Driver/Src/stm32f4xx_hal.o
 .debug_macro   0x000000000001ddb1       0x52 Drivers/STM32F4xx_HAL_Driver/Src/stm32f4xx_hal.o
 .debug_macro   0x000000000001de03       0x40 Drivers/STM32F4xx_HAL_Driver/Src/stm32f4xx_hal.o
 .debug_macro   0x000000000001de43       0x10 Drivers/STM32F4xx_HAL_Driver/Src/stm32f4xx_hal.o
 .debug_macro   0x000000000001de53       0x40 Drivers/STM32F4xx_HAL_Driver/Src/stm32f4xx_hal.o
 .debug_macro   0x000000000001de93       0xd7 Drivers/STM32F4xx_HAL_Driver/Src/stm32f4xx_hal.o
 .debug_macro   0x000000000001df6a       0x16 Drivers/STM32F4xx_HAL_Driver/Src/stm32f4xx_hal.o
 .debug_macro   0x000000000001df80      0x18b Drivers/STM32F4xx_HAL_Driver/Src/stm32f4xx_hal.o
 .debug_macro   0x000000000001e10b       0x50 Drivers/STM32F4xx_HAL_Driver/Src/stm32f4xx_hal.o
 .debug_macro   0x000000000001e15b      0xca5 Drivers/STM32F4xx_HAL_Driver/Src/stm32f4xx_hal.o
 .debug_macro   0x000000000001ee00      0xa02 Drivers/STM32F4xx_HAL_Driver/Src/stm32f4xx_hal.o
 .debug_macro   0x000000000001f802      0x11e Drivers/STM32F4xx_HAL_Driver/Src/stm32f4xx_hal.o
 .debug_macro   0x000000000001f920      0x15f Drivers/STM32F4xx_HAL_Driver/Src/stm32f4xx_hal.o
 .debug_macro   0x000000000001fa7f       0x27 Drivers/STM32F4xx_HAL_Driver/Src/stm32f4xx_hal.o
 .debug_macro   0x000000000001faa6      0x287 Drivers/STM32F4xx_HAL_Driver/Src/stm32f4xx_hal.o
 .debug_macro   0x000000000001fd2d       0x5f Drivers/STM32F4xx_HAL_Driver/Src/stm32f4xx_hal.o
 .debug_macro   0x000000000001fd8c      0x23a Drivers/STM32F4xx_HAL_Driver/Src/stm32f4xx_hal.o
 .debug_macro   0x000000000001ffc6      0x13a Drivers/STM32F4xx_HAL_Driver/Src/stm32f4xx_hal.o
 .debug_macro   0x0000000000020100      0x41d Drivers/STM32F4xx_HAL_Driver/Src/stm32f4xx_hal.o
 .debug_macro   0x000000000002051d       0x2e Drivers/STM32F4xx_HAL_Driver/Src/stm32f4xx_hal.o
 .debug_macro   0x000000000002054b      0x11e Drivers/STM32F4xx_HAL_Driver/Src/stm32f4xx_hal.o
 .debug_macro   0x0000000000020669       0xe2 Drivers/STM32F4xx_HAL_Driver/Src/stm32f4xx_hal.o
 .debug_macro   0x000000000002074b       0x89 Drivers/STM32F4xx_HAL_Driver/Src/stm32f4xx_hal.o
 .debug_macro   0x00000000000207d4      0x13b Drivers/STM32F4xx_HAL_Driver/Src/stm32f4xx_hal.o
 .debug_macro   0x000000000002090f      0x2f6 Drivers/STM32F4xx_HAL_Driver/Src/stm32f4xx_hal_cortex.o
 .debug_macro   0x0000000000020c05      0x30e Drivers/STM32F4xx_HAL_Driver/Src/stm32f4xx_hal_pwr_ex.o
 .debug_macro   0x0000000000020f13      0x31a Drivers/STM32F4xx_HAL_Driver/Src/stm32f4xx_hal_rcc.o
 .debug_macro   0x000000000002122d      0x1f3 Middlewares/Third_Party/FreeRTOS/Source/CMSIS_RTOS/cmsis_os.o
 .debug_macro   0x0000000000021420       0x52 Middlewares/Third_Party/FreeRTOS/Source/CMSIS_RTOS/cmsis_os.o
 .debug_macro   0x0000000000021472       0x8d Middlewares/Third_Party/FreeRTOS/Source/CMSIS_RTOS/cmsis_os.o
 .debug_macro   0x00000000000214ff      0x174 Middlewares/Third_Party/FreeRTOS/Source/CMSIS_RTOS/cmsis_os.o
 .debug_macro   0x0000000000021673       0x57 Middlewares/Third_Party/FreeRTOS/Source/CMSIS_RTOS/cmsis_os.o
 .debug_macro   0x00000000000216ca       0x10 Middlewares/Third_Party/FreeRTOS/Source/CMSIS_RTOS/cmsis_os.o
 .debug_macro   0x00000000000216da       0x35 Middlewares/Third_Party/FreeRTOS/Source/CMSIS_RTOS/cmsis_os.o
 .debug_macro   0x000000000002170f       0xd2 Middlewares/Third_Party/FreeRTOS/Source/CMSIS_RTOS/cmsis_os.o
 .debug_macro   0x00000000000217e1      0x168 Middlewares/Third_Party/FreeRTOS/Source/CMSIS_RTOS/cmsis_os.o
 .debug_macro   0x0000000000021949       0xe4 Middlewares/Third_Party/FreeRTOS/Source/CMSIS_RTOS/cmsis_os.o
 .debug_macro   0x0000000000021a2d       0x10 Middlewares/Third_Party/FreeRTOS/Source/CMSIS_RTOS/cmsis_os.o
 .debug_macro   0x0000000000021a3d       0x26 Middlewares/Third_Party/FreeRTOS/Source/CMSIS_RTOS/cmsis_os.o
 .debug_macro   0x0000000000021a63      0x40f Middlewares/Third_Party/FreeRTOS/Source/CMSIS_RTOS/cmsis_os.o
 .debug_macro   0x0000000000021e72       0xc0 Middlewares/Third_Party/FreeRTOS/Source/CMSIS_RTOS/cmsis_os.o
 .debug_macro   0x0000000000021f32       0x8c Middlewares/Third_Party/FreeRTOS/Source/CMSIS_RTOS/cmsis_os.o
 .debug_macro   0x0000000000021fbe       0x91 Middlewares/Third_Party/FreeRTOS/Source/CMSIS_RTOS/cmsis_os.o
 .debug_macro   0x000000000002204f       0x94 Middlewares/Third_Party/FreeRTOS/Source/CMSIS_RTOS/cmsis_os.o
 .debug_macro   0x00000000000220e3       0x63 Middlewares/Third_Party/FreeRTOS/Source/CMSIS_RTOS/cmsis_os.o
 .debug_macro   0x0000000000022146       0x19 Middlewares/Third_Party/FreeRTOS/Source/CMSIS_RTOS/cmsis_os.o
 .debug_macro   0x000000000002215f       0xcf Middlewares/Third_Party/FreeRTOS/Source/CMSIS_RTOS/cmsis_os.o
 .debug_macro   0x000000000002222e       0x26 Middlewares/Third_Party/FreeRTOS/Source/CMSIS_RTOS/cmsis_os.o
 .debug_macro   0x0000000000022254      0x18b Middlewares/Third_Party/FreeRTOS/Source/list.o
 .debug_macro   0x00000000000223df      0x207 Middlewares/Third_Party/FreeRTOS/Source/queue.o
 .debug_macro   0x00000000000225e6       0x16 Middlewares/Third_Party/FreeRTOS/Source/queue.o
 .debug_macro   0x00000000000225fc      0x26a Middlewares/Third_Party/FreeRTOS/Source/tasks.o
 .debug_macro   0x0000000000022866       0x11 Middlewares/Third_Party/FreeRTOS/Source/tasks.o
 .debug_macro   0x0000000000022877      0x1ad Middlewares/Third_Party/FreeRTOS/Source/portable/GCC/ARM_CM4F/port.o
 .debug_macro   0x0000000000022a24      0x1b2 Middlewares/Third_Party/FreeRTOS/Source/portable/MemMang/heap_4.o
 .debug_macro   0x0000000000022bd6      0x3ae Src/main.o
 .debug_macro   0x0000000000022f84       0xd8 Src/main.o
 .debug_macro   0x000000000002305c      0x2f6 Src/stm32f4xx_hal_msp.o
 .debug_macro   0x0000000000023352      0x3b4 Src/stm32f4xx_it.o
 .debug_macro   0x0000000000023706      0x2fc Src/system_stm32f4xx.o

.debug_line     0x0000000000000000     0x8159
 .debug_line    0x0000000000000000      0x94b Drivers/STM32F4xx_HAL_Driver/Src/stm32f4xx_hal.o
 .debug_line    0x000000000000094b      0xa60 Drivers/STM32F4xx_HAL_Driver/Src/stm32f4xx_hal_cortex.o
 .debug_line    0x00000000000013ab      0x84a Drivers/STM32F4xx_HAL_Driver/Src/stm32f4xx_hal_pwr_ex.o
 .debug_line    0x0000000000001bf5      0x990 Drivers/STM32F4xx_HAL_Driver/Src/stm32f4xx_hal_rcc.o
 .debug_line    0x0000000000002585      0xba7 Middlewares/Third_Party/FreeRTOS/Source/CMSIS_RTOS/cmsis_os.o
 .debug_line    0x000000000000312c      0x563 Middlewares/Third_Party/FreeRTOS/Source/list.o
 .debug_line    0x000000000000368f      0xbf6 Middlewares/Third_Party/FreeRTOS/Source/queue.o
 .debug_line    0x0000000000004285      0xf5c Middlewares/Third_Party/FreeRTOS/Source/tasks.o
 .debug_line    0x00000000000051e1      0x672 Middlewares/Third_Party/FreeRTOS/Source/portable/GCC/ARM_CM4F/port.o
 .debug_line    0x0000000000005853      0x647 Middlewares/Third_Party/FreeRTOS/Source/portable/MemMang/heap_4.o
 .debug_line    0x0000000000005e9a      0xa13 Src/main.o
 .debug_line    0x00000000000068ad      0x73f Src/stm32f4xx_hal_msp.o
 .debug_line    0x0000000000006fec      0x98b Src/stm32f4xx_it.o
 .debug_line    0x0000000000007977      0x763 Src/system_stm32f4xx.o
 .debug_line    0x00000000000080da       0x7f startup/startup_stm32f429xx.o

.debug_str      0x0000000000000000    0xd0608
 .debug_str     0x0000000000000000    0xc7ba0 Drivers/STM32F4xx_HAL_Driver/Src/stm32f4xx_hal.o
                                      0xc7f7a (size before relaxing)
 .debug_str     0x00000000000c7ba0      0x3e3 Drivers/STM32F4xx_HAL_Driver/Src/stm32f4xx_hal_cortex.o
                                      0xc7cb3 (size before relaxing)
 .debug_str     0x00000000000c7f83      0x154 Drivers/STM32F4xx_HAL_Driver/Src/stm32f4xx_hal_pwr_ex.o
                                      0xc75a5 (size before relaxing)
 .debug_str     0x00000000000c80d7      0x3db Drivers/STM32F4xx_HAL_Driver/Src/stm32f4xx_hal_rcc.o
                                      0xc7798 (size before relaxing)
 .debug_str     0x00000000000c84b2     0x5a95 Middlewares/Third_Party/FreeRTOS/Source/CMSIS_RTOS/cmsis_os.o
                                       0xc08d (size before relaxing)
 .debug_str     0x00000000000cdf47      0x234 Middlewares/Third_Party/FreeRTOS/Source/list.o
                                       0x95b7 (size before relaxing)
 .debug_str     0x00000000000ce17b      0x6f6 Middlewares/Third_Party/FreeRTOS/Source/queue.o
                                       0xaa90 (size before relaxing)
 .debug_str     0x00000000000ce871     0x10e6 Middlewares/Third_Party/FreeRTOS/Source/tasks.o
                                       0xb55a (size before relaxing)
 .debug_str     0x00000000000cf957      0x810 Middlewares/Third_Party/FreeRTOS/Source/portable/GCC/ARM_CM4F/port.o
                                       0x75f7 (size before relaxing)
 .debug_str     0x00000000000d0167      0x25a Middlewares/Third_Party/FreeRTOS/Source/portable/MemMang/heap_4.o
                                       0x9cd8 (size before relaxing)
 .debug_str     0x00000000000d03c1      0x125 Src/main.o
                                      0xccd28 (size before relaxing)
 .debug_str     0x00000000000d04e6       0x1b Src/stm32f4xx_hal_msp.o
                                      0xc7872 (size before relaxing)
 .debug_str     0x00000000000d0501       0xad Src/stm32f4xx_it.o
                                      0xcc505 (size before relaxing)
 .debug_str     0x00000000000d05ae       0x5a Src/system_stm32f4xx.o
                                      0xc73b1 (size before relaxing)

.comment        0x0000000000000000       0x7f
 .comment       0x0000000000000000       0x7f Drivers/STM32F4xx_HAL_Driver/Src/stm32f4xx_hal.o
                                         0x80 (size before relaxing)
 .comment       0x000000000000007f       0x80 Drivers/STM32F4xx_HAL_Driver/Src/stm32f4xx_hal_cortex.o
 .comment       0x000000000000007f       0x80 Drivers/STM32F4xx_HAL_Driver/Src/stm32f4xx_hal_pwr_ex.o
 .comment       0x000000000000007f       0x80 Drivers/STM32F4xx_HAL_Driver/Src/stm32f4xx_hal_rcc.o
 .comment       0x000000000000007f       0x80 Middlewares/Third_Party/FreeRTOS/Source/CMSIS_RTOS/cmsis_os.o
 .comment       0x000000000000007f       0x80 Middlewares/Third_Party/FreeRTOS/Source/list.o
 .comment       0x000000000000007f       0x80 Middlewares/Third_Party/FreeRTOS/Source/queue.o
 .comment       0x000000000000007f       0x80 Middlewares/Third_Party/FreeRTOS/Source/tasks.o
 .comment       0x000000000000007f       0x80 Middlewares/Third_Party/FreeRTOS/Source/portable/GCC/ARM_CM4F/port.o
 .comment       0x000000000000007f       0x80 Middlewares/Third_Party/FreeRTOS/Source/portable/MemMang/heap_4.o
 .comment       0x000000000000007f       0x80 Src/main.o
 .comment       0x000000000000007f       0x80 Src/stm32f4xx_hal_msp.o
 .comment       0x000000000000007f       0x80 Src/stm32f4xx_it.o
 .comment       0x000000000000007f       0x80 Src/system_stm32f4xx.o

.debug_frame    0x0000000000000000     0x2488
 .debug_frame   0x0000000000000000      0x37c Drivers/STM32F4xx_HAL_Driver/Src/stm32f4xx_hal.o
 .debug_frame   0x000000000000037c      0x498 Drivers/STM32F4xx_HAL_Driver/Src/stm32f4xx_hal_cortex.o
 .debug_frame   0x0000000000000814      0x14c Drivers/STM32F4xx_HAL_Driver/Src/stm32f4xx_hal_pwr_ex.o
 .debug_frame   0x0000000000000960      0x1f8 Drivers/STM32F4xx_HAL_Driver/Src/stm32f4xx_hal_rcc.o
 .debug_frame   0x0000000000000b58      0x808 Middlewares/Third_Party/FreeRTOS/Source/CMSIS_RTOS/cmsis_os.o
 .debug_frame   0x0000000000001360       0xd8 Middlewares/Third_Party/FreeRTOS/Source/list.o
 .debug_frame   0x0000000000001438      0x3b0 Middlewares/Third_Party/FreeRTOS/Source/queue.o
 .debug_frame   0x00000000000017e8      0x6bc Middlewares/Third_Party/FreeRTOS/Source/tasks.o
 .debug_frame   0x0000000000001ea4      0x19c Middlewares/Third_Party/FreeRTOS/Source/portable/GCC/ARM_CM4F/port.o
 .debug_frame   0x0000000000002040      0x108 Middlewares/Third_Party/FreeRTOS/Source/portable/MemMang/heap_4.o
 .debug_frame   0x0000000000002148      0x134 Src/main.o
 .debug_frame   0x000000000000227c       0x34 Src/stm32f4xx_hal_msp.o
 .debug_frame   0x00000000000022b0       0xcc Src/stm32f4xx_it.o
 .debug_frame   0x000000000000237c       0x58 Src/system_stm32f4xx.o
 .debug_frame   0x00000000000023d4       0x2c /home/alex/Ac6/SystemWorkbench/plugins/fr.ac6.mcu.externaltools.arm-none.linux64_1.15.0.201708311556/tools/compiler/bin/../lib/gcc/arm-none-eabi/6.3.1/thumb/v7e-m/fpv4-sp/hard/libgcc.a(_aeabi_uldivmod.o)
 .debug_frame   0x0000000000002400       0x34 /home/alex/Ac6/SystemWorkbench/plugins/fr.ac6.mcu.externaltools.arm-none.linux64_1.15.0.201708311556/tools/compiler/bin/../lib/gcc/arm-none-eabi/6.3.1/thumb/v7e-m/fpv4-sp/hard/libgcc.a(_udivmoddi4.o)
 .debug_frame   0x0000000000002434       0x2c /home/alex/Ac6/SystemWorkbench/plugins/fr.ac6.mcu.externaltools.arm-none.linux64_1.15.0.201708311556/tools/compiler/bin/../lib/gcc/arm-none-eabi/6.3.1/../../../../arm-none-eabi/lib/thumb/v7e-m/fpv4-sp/hard/libc_nano.a(lib_a-init.o)
 .debug_frame   0x0000000000002460       0x28 /home/alex/Ac6/SystemWorkbench/plugins/fr.ac6.mcu.externaltools.arm-none.linux64_1.15.0.201708311556/tools/compiler/bin/../lib/gcc/arm-none-eabi/6.3.1/../../../../arm-none-eabi/lib/thumb/v7e-m/fpv4-sp/hard/libc_nano.a(lib_a-memcpy-stub.o)
